── Attaching core tidyverse packages ──────────────────────── tidyverse 2.0.0 ──
✔ dplyr     1.1.4     ✔ readr     2.1.6
✔ forcats   1.0.1     ✔ stringr   1.6.0
✔ ggplot2   4.0.1     ✔ tibble    3.3.0
✔ lubridate 1.9.4     ✔ tidyr     1.3.1
✔ purrr     1.2.0     
── Conflicts ────────────────────────────────────────── tidyverse_conflicts() ──
✖ dplyr::filter() masks stats::filter()
✖ dplyr::lag()    masks stats::lag()
ℹ Use the conflicted package (<http://conflicted.r-lib.org/>) to force all conflicts to become errors
Loading required package: future

Attaching package: ‘survival’

The following object is masked from ‘package:future’:

    cluster

Loading required package: Matrix

Attaching package: ‘Matrix’

The following objects are masked from ‘package:tidyr’:

    expand, pack, unpack

Loading required package: bdsmatrix

Attaching package: ‘bdsmatrix’

The following object is masked from ‘package:base’:

    backsolve

Loading required package: boot

Attaching package: ‘boot’

The following object is masked from ‘package:survival’:

    aml

Loading required package: doBy
Registered S3 method overwritten by 'quantmod':
  method            from
  as.zoo.data.frame zoo 

Attaching package: ‘doBy’

The following object is masked from ‘package:dplyr’:

    order_by

Loading required package: MASS

Attaching package: ‘MASS’

The following object is masked from ‘package:doBy’:

    shoes

The following object is masked from ‘package:dplyr’:

    select

Loading required package: survC1

Attaching package: ‘frailtypack’

The following object is masked from ‘package:survival’:

    cluster

The following object is masked from ‘package:future’:

    cluster

Loading required package: optimx
Piano parallelo attivato: 110 workers

========== PAPER 2 POWER - DESIGN INDIVIDUAL ==========
Scenari base: 960
nsim per scenario: 1000

--- Step 1: Calcolo power base ---

--- Step 2: Calcolo power con sample size DE ---
Scenari DE da processare: 768
>>> Power DE scenario 525 | icc=0.01, n_DE=101
>>> Power DE scenario 526 | icc=0.01, n_DE=101
>>> Power DE scenario 527 | icc=0.01, n_DE=101
>>> Power DE scenario 528 | icc=0.01, n_DE=101
>>> Power DE scenario 529 | icc=0.05, n_DE=104
>>> Power DE scenario 530 | icc=0.05, n_DE=104
>>> Power DE scenario 531 | icc=0.05, n_DE=104
>>> Power DE scenario 532 | icc=0.05, n_DE=104
>>> Power DE scenario 533 | icc=0.10, n_DE=107
>>> Power DE scenario 534 | icc=0.10, n_DE=107
>>> Power DE scenario 535 | icc=0.10, n_DE=107
>>> Power DE scenario 536 | icc=0.10, n_DE=107
>>> Power DE scenario 537 | icc=0.30, n_DE=120
>>> Power DE scenario 538 | icc=0.30, n_DE=120
>>> Power DE scenario 539 | icc=0.30, n_DE=120
>>> Power DE scenario 540 | icc=0.30, n_DE=120
