nohup: ignoring input
── Attaching core tidyverse packages ──────────────────────── tidyverse 2.0.0 ──
✔ dplyr     1.1.4     ✔ readr     2.1.6
✔ forcats   1.0.1     ✔ stringr   1.6.0
✔ ggplot2   4.0.1     ✔ tibble    3.3.0
✔ lubridate 1.9.4     ✔ tidyr     1.3.1
✔ purrr     1.2.0     
── Conflicts ────────────────────────────────────────── tidyverse_conflicts() ──
✖ dplyr::filter() masks stats::filter()
✖ dplyr::lag()    masks stats::lag()
ℹ Use the conflicted package (<http://conflicted.r-lib.org/>) to force all conflicts to become errors
Loading required package: future

Attaching package: ‘survival’

The following object is masked from ‘package:future’:

    cluster

Loading required package: Matrix

Attaching package: ‘Matrix’

The following objects are masked from ‘package:tidyr’:

    expand, pack, unpack

Loading required package: bdsmatrix

Attaching package: ‘bdsmatrix’

The following object is masked from ‘package:base’:

    backsolve

Loading required package: boot

Attaching package: ‘boot’

The following object is masked from ‘package:survival’:

    aml

Loading required package: doBy
Registered S3 method overwritten by 'quantmod':
  method            from
  as.zoo.data.frame zoo 

Attaching package: ‘doBy’

The following object is masked from ‘package:dplyr’:

    order_by

Loading required package: MASS

Attaching package: ‘MASS’

The following object is masked from ‘package:doBy’:

    shoes

The following object is masked from ‘package:dplyr’:

    select

Loading required package: survC1

Attaching package: ‘frailtypack’

The following object is masked from ‘package:survival’:

    cluster

The following object is masked from ‘package:future’:

    cluster

Loading required package: optimx
Error: Cannot create 127 parallel PSOCK nodes. Each node needs one connection, but there are only 124 connections left out of the maximum 128 available on this R installation. To increase this limit in R (>= 4.4.0), use command-line option '--max-connections=N' when launching R.
Execution halted
